// Jest Snapshot v1, https://goo.gl/fbAQLP

exports[`Pruenas en PrimeraApp debe mostrar PrimeraApp correctamente 1`] = `
<Fragment>
  <h1>
    Hola soy Goku
  </h1>
  <p>
    Soy un subtitulo
  </p>
</Fragment>
`;
